app/admin/(protected)/categories/page.tsx(52,24): error TS2322: Type '{ id: string; name: string; slug: string; description: string | null; sort_order: number | null; is_featured: boolean | null; is_active: boolean | null; created_at: string | null; updated_at: string | null; }[]' is not assignable to type '{ created_at: string | null; description: string | null; icon: string | null; id: string; image_url: string | null; is_active: boolean | null; is_featured: boolean | null; name: string; ... 4 more ...; updated_at: string | null; }[]'.
  Type '{ id: string; name: string; slug: string; description: string | null; sort_order: number | null; is_featured: boolean | null; is_active: boolean | null; created_at: string | null; updated_at: string | null; }' is missing the following properties from type '{ created_at: string | null; description: string | null; icon: string | null; id: string; image_url: string | null; is_active: boolean | null; is_featured: boolean | null; name: string; ... 4 more ...; updated_at: string | null; }': icon, image_url, seo_description, seo_title
app/admin/(protected)/products/page.tsx(57,23): error TS2322: Type '{ id: string; name: string; slug: string; sku: string | null; barcode: string | null; model_number: string | null; short_description: string | null; description: string | null; category_id: string; ... 23 more ...; product_images: { ...; }[]; }[]' is not assignable to type 'Product[]'.
  Type '{ id: string; name: string; slug: string; sku: string | null; barcode: string | null; model_number: string | null; short_description: string | null; description: string | null; category_id: string; ... 23 more ...; product_images: { ...; }[]; }' is not assignable to type 'Product'.
    Type '{ id: string; name: string; slug: string; sku: string | null; barcode: string | null; model_number: string | null; short_description: string | null; description: string | null; category_id: string; ... 23 more ...; product_images: { ...; }[]; }' is missing the following properties from type '{ barcode: string | null; brand_id: string | null; carton_quantity: number | null; category_id: string; country_id: string | null; created_at: string | null; description: string | null; ... 23 more ...; width: number | null; }': height, length, weight, width
app/admin/login/(protected)/page.tsx(4,23): error TS2307: Cannot find module './actions' or its corresponding type declarations.
components/admin/products/ProductTable.tsx(194,19): error TS2322: Type '"draft" | "pending_review" | "published" | "archived" | null' is not assignable to type 'ProductStatus'.
  Type 'null' is not assignable to type 'ProductStatus'.
components/admin/products/ProductTable.tsx(225,42): error TS2345: Argument of type '"draft" | "pending_review" | "published" | "archived" | null' is not assignable to parameter of type '"draft" | "pending_review" | "published" | "archived"'.
  Type 'null' is not assignable to type '"draft" | "pending_review" | "published" | "archived"'.
components/admin/products/supplier-intelligence/EditSupplierSheet.tsx(160,8): error TS2741: Property 'onContinueEditing' is missing in type '{ open: boolean; onOpenChange: Dispatch<SetStateAction<boolean>>; onDiscard: () => void; }' but required in type 'UnsavedChangesDialogProps'.
components/admin/products/supplier-intelligence/SupplierCard.tsx(81,23): error TS2339: Property 'name' does not exist on type '{ id: string; company_name: string; contact_name: string | null; email: string | null; phone: string | null; whatsapp: string | null; city: string | null; is_active: boolean | null; country: { ...; } | null; }'.
components/admin/products/supplier-intelligence/SupplierList.tsx(47,22): error TS2304: Cannot find name 'productId'.
components/admin/products/supplier-intelligence/SupplierSheet.tsx(147,8): error TS2741: Property 'onContinueEditing' is missing in type '{ open: boolean; onOpenChange: Dispatch<SetStateAction<boolean>>; onDiscard: () => void; }' but required in type 'UnsavedChangesDialogProps'.
components/ui/chart.tsx(5,15): error TS2305: Module '"recharts"' has no exported member 'TooltipValueType'.
components/ui/command.tsx(4,45): error TS2307: Cannot find module 'cmdk' or its corresponding type declarations.
components/ui/message-scroller.tsx(9,8): error TS2307: Cannot find module '@shadcn/react/message-scroller' or its corresponding type declarations.
components/ui/resizable.tsx(10,23): error TS2694: Namespace '"C:/dubaiwholesalehub/node_modules/react-resizable-panels/dist/react-resizable-panels.cjs"' has no exported member 'GroupProps'.
components/ui/resizable.tsx(12,25): error TS2339: Property 'Group' does not exist on type 'typeof import("C:/dubaiwholesalehub/node_modules/react-resizable-panels/dist/react-resizable-panels.cjs")'.
components/ui/resizable.tsx(31,23): error TS2694: Namespace '"C:/dubaiwholesalehub/node_modules/react-resizable-panels/dist/react-resizable-panels.cjs"' has no exported member 'SeparatorProps'.
components/ui/resizable.tsx(35,25): error TS2339: Property 'Separator' does not exist on type 'typeof import("C:/dubaiwholesalehub/node_modules/react-resizable-panels/dist/react-resizable-panels.cjs")'.
components/ui/resizable.tsx(46,26): error TS2339: Property 'Separator' does not exist on type 'typeof import("C:/dubaiwholesalehub/node_modules/react-resizable-panels/dist/react-resizable-panels.cjs")'.
components/ui/sidebar.tsx(8,29): error TS2307: Cannot find module '@/hooks/use-mobile' or its corresponding type declarations.
lib/auth/require-admin.ts(31,32): error TS2345: Argument of type '"super_admin" | "admin" | "manager" | "sales" | "viewer"' is not assignable to parameter of type '"super_admin" | "admin" | "manager"'.
  Type '"sales"' is not assignable to type '"super_admin" | "admin" | "manager"'.
lib/repositories/rfq.repository.ts(185,11): error TS2769: No overload matches this call.
  Overload 1 of 2, '(relation: "countries" | "products" | "suppliers" | "brands" | "categories" | "subcategories" | "units" | "product_documents" | "product_images" | "product_suppliers" | "profiles"): PostgrestQueryBuilder<...>', gave the following error.
    Argument of type '"rfqs"' is not assignable to parameter of type '"countries" | "products" | "suppliers" | "brands" | "categories" | "subcategories" | "units" | "product_documents" | "product_images" | "product_suppliers" | "profiles"'.
  Overload 2 of 2, '(relation: never): PostgrestQueryBuilder<{ PostgrestVersion: "14.5"; }, { Tables: { brands: { Row: { country_id: string | null; created_at: string | null; description: string | null; id: string; is_active: boolean | null; ... 5 more ...; website: string | null; }; Insert: { ...; }; Update: { ...; }; Relationships: [...]; }; ... 9 more ...; units: { ...; }; }; Views: {}; Functions: { ...; }; Enums: { ...; }; CompositeTypes: {}; }, never, never, never>', gave the following error.
    Argument of type '"rfqs"' is not assignable to parameter of type 'never'.
lib/repositories/rfq.repository.ts(266,7): error TS2345: Argument of type '"status"' is not assignable to parameter of type '"id" | "created_at"'.
lib/repositories/rfq.repository.ts(276,7): error TS2345: Argument of type '"priority"' is not assignable to parameter of type '"id" | "created_at"'.
lib/repositories/rfq.repository.ts(283,7): error TS2345: Argument of type '"created_by"' is not assignable to parameter of type '"id" | "created_at"'.
lib/repositories/rfq.repository.ts(290,7): error TS2345: Argument of type '"awarded_supplier_id"' is not assignable to parameter of type '"id" | "created_at"'.
lib/repositories/rfq.repository.ts(362,11): error TS2769: No overload matches this call.
  Overload 1 of 2, '(relation: "countries" | "products" | "suppliers" | "brands" | "categories" | "subcategories" | "units" | "product_documents" | "product_images" | "product_suppliers" | "profiles"): PostgrestQueryBuilder<...>', gave the following error.
    Argument of type '"rfqs"' is not assignable to parameter of type '"countries" | "products" | "suppliers" | "brands" | "categories" | "subcategories" | "units" | "product_documents" | "product_images" | "product_suppliers" | "profiles"'.
  Overload 2 of 2, '(relation: never): PostgrestQueryBuilder<{ PostgrestVersion: "14.5"; }, { Tables: { brands: { Row: { country_id: string | null; created_at: string | null; description: string | null; id: string; is_active: boolean | null; ... 5 more ...; website: string | null; }; Insert: { ...; }; Update: { ...; }; Relationships: [...]; }; ... 9 more ...; units: { ...; }; }; Views: {}; Functions: { ...; }; Enums: { ...; }; CompositeTypes: {}; }, never, never, never>', gave the following error.
    Argument of type '"rfqs"' is not assignable to parameter of type 'never'.
lib/repositories/rfq.repository.ts(608,11): error TS2769: No overload matches this call.
  Overload 1 of 2, '(relation: "countries" | "products" | "suppliers" | "brands" | "categories" | "subcategories" | "units" | "product_documents" | "product_images" | "product_suppliers" | "profiles"): PostgrestQueryBuilder<...>', gave the following error.
    Argument of type '"rfqs"' is not assignable to parameter of type '"countries" | "products" | "suppliers" | "brands" | "categories" | "subcategories" | "units" | "product_documents" | "product_images" | "product_suppliers" | "profiles"'.
  Overload 2 of 2, '(relation: never): PostgrestQueryBuilder<{ PostgrestVersion: "14.5"; }, { Tables: { brands: { Row: { country_id: string | null; created_at: string | null; description: string | null; id: string; is_active: boolean | null; ... 5 more ...; website: string | null; }; Insert: { ...; }; Update: { ...; }; Relationships: [...]; }; ... 9 more ...; units: { ...; }; }; Views: {}; Functions: { ...; }; Enums: { ...; }; CompositeTypes: {}; }, never, never, never>', gave the following error.
    Argument of type '"rfqs"' is not assignable to parameter of type 'never'.
lib/repositories/rfq.repository.ts(620,7): error TS2345: Argument of type '"rfq_number"' is not assignable to parameter of type '"id" | "created_at"'.
lib/repositories/rfq.repository.ts(659,11): error TS2769: No overload matches this call.
  Overload 1 of 2, '(relation: "countries" | "products" | "suppliers" | "brands" | "categories" | "subcategories" | "units" | "product_documents" | "product_images" | "product_suppliers" | "profiles"): PostgrestQueryBuilder<...>', gave the following error.
    Argument of type '"rfqs"' is not assignable to parameter of type '"countries" | "products" | "suppliers" | "brands" | "categories" | "subcategories" | "units" | "product_documents" | "product_images" | "product_suppliers" | "profiles"'.
  Overload 2 of 2, '(relation: never): PostgrestQueryBuilder<{ PostgrestVersion: "14.5"; }, { Tables: { brands: { Row: { country_id: string | null; created_at: string | null; description: string | null; id: string; is_active: boolean | null; ... 5 more ...; website: string | null; }; Insert: { ...; }; Update: { ...; }; Relationships: [...]; }; ... 9 more ...; units: { ...; }; }; Views: {}; Functions: { ...; }; Enums: { ...; }; CompositeTypes: {}; }, never, never, never>', gave the following error.
    Argument of type '"rfqs"' is not assignable to parameter of type 'never'.
lib/repositories/rfq.repository.ts(660,13): error TS2345: Argument of type '{ title: string; description: string | null; priority: "low" | "high" | "normal" | "urgent"; currency_code: string; required_delivery_date: string | null; response_deadline: string | null; ... 5 more ...; supplier_notes: string | null; }' is not assignable to parameter of type 'RejectExcessProperties<{ country_id?: string | null | undefined; created_at?: string | null | undefined; description?: string | null | undefined; id?: string | undefined; is_active?: boolean | null | undefined; ... 5 more ...; website?: string | ... 1 more ... | undefined; } | ... 9 more ... | { ...; }, { ...; } | ....'.
  Type '{ title: string; description: string | null; priority: "low" | "high" | "normal" | "urgent"; currency_code: string; required_delivery_date: string | null; response_deadline: string | null; ... 5 more ...; supplier_notes: string | null; }' is not assignable to type '{ country_id?: string | null | undefined; created_at?: string | null | undefined; description?: string | null | undefined; id?: string | undefined; is_active?: boolean | null | undefined; ... 5 more ...; website?: string | ... 1 more ... | undefined; } & {}'.
    Type '{ title: string; description: string | null; priority: "low" | "high" | "normal" | "urgent"; currency_code: string; required_delivery_date: string | null; response_deadline: string | null; ... 5 more ...; supplier_notes: string | null; }' is missing the following properties from type '{ country_id?: string | null | undefined; created_at?: string | null | undefined; description?: string | null | undefined; id?: string | undefined; is_active?: boolean | null | undefined; ... 5 more ...; website?: string | ... 1 more ... | undefined; }': name, slug
lib/repositories/rfq.repository.ts(731,11): error TS2769: No overload matches this call.
  Overload 1 of 2, '(relation: "countries" | "products" | "suppliers" | "brands" | "categories" | "subcategories" | "units" | "product_documents" | "product_images" | "product_suppliers" | "profiles"): PostgrestQueryBuilder<...>', gave the following error.
    Argument of type '"rfqs"' is not assignable to parameter of type '"countries" | "products" | "suppliers" | "brands" | "categories" | "subcategories" | "units" | "product_documents" | "product_images" | "product_suppliers" | "profiles"'.
  Overload 2 of 2, '(relation: never): PostgrestQueryBuilder<{ PostgrestVersion: "14.5"; }, { Tables: { brands: { Row: { country_id: string | null; created_at: string | null; description: string | null; id: string; is_active: boolean | null; ... 5 more ...; website: string | null; }; Insert: { ...; }; Update: { ...; }; Relationships: [...]; }; ... 9 more ...; units: { ...; }; }; Views: {}; Functions: { ...; }; Enums: { ...; }; CompositeTypes: {}; }, never, never, never>', gave the following error.
    Argument of type '"rfqs"' is not assignable to parameter of type 'never'.
lib/repositories/rfq.repository.ts(732,13): error TS2345: Argument of type '{ status?: "draft" | "ready" | "sent" | "partially_quoted" | "quoted" | "under_review" | "awarded" | "closed" | "cancelled" | undefined; title: string; description: string | null; ... 9 more ...; supplier_notes: string | null; }' is not assignable to parameter of type 'RejectExcessProperties<{ country_id?: string | null | undefined; created_at?: string | null | undefined; description?: string | null | undefined; id?: string | undefined; is_active?: boolean | null | undefined; ... 5 more ...; website?: string | ... 1 more ... | undefined; } | ... 9 more ... | { ...; }, { ...; }>'.
  Type '{ status?: "draft" | "ready" | "sent" | "partially_quoted" | "quoted" | "under_review" | "awarded" | "closed" | "cancelled" | undefined; title: string; description: string | null; ... 9 more ...; supplier_notes: string | null; }' is not assignable to type '{ priority: never; description: never; currency_code: never; title: never; incoterm: never; payment_terms: never; status: never; response_deadline: never; required_delivery_date: never; delivery_location: never; packaging_requirements: never; internal_notes: never; supplier_notes: never; }'.
    Types of property 'priority' are incompatible.
      Type '"low" | "high" | "normal" | "urgent"' is not assignable to type 'never'.
        Type '"low"' is not assignable to type 'never'.
lib/repositories/rfq.repository.ts(766,11): error TS2769: No overload matches this call.
  Overload 1 of 2, '(relation: "countries" | "products" | "suppliers" | "brands" | "categories" | "subcategories" | "units" | "product_documents" | "product_images" | "product_suppliers" | "profiles"): PostgrestQueryBuilder<...>', gave the following error.
    Argument of type '"rfqs"' is not assignable to parameter of type '"countries" | "products" | "suppliers" | "brands" | "categories" | "subcategories" | "units" | "product_documents" | "product_images" | "product_suppliers" | "profiles"'.
  Overload 2 of 2, '(relation: never): PostgrestQueryBuilder<{ PostgrestVersion: "14.5"; }, { Tables: { brands: { Row: { country_id: string | null; created_at: string | null; description: string | null; id: string; is_active: boolean | null; ... 5 more ...; website: string | null; }; Insert: { ...; }; Update: { ...; }; Relationships: [...]; }; ... 9 more ...; units: { ...; }; }; Views: {}; Functions: { ...; }; Enums: { ...; }; CompositeTypes: {}; }, never, never, never>', gave the following error.
    Argument of type '"rfqs"' is not assignable to parameter of type 'never'.
lib/repositories/rfq.repository.ts(769,9): error TS2345: Argument of type '"status"' is not assignable to parameter of type '"id" | "created_at"'.
lib/repositories/rfq.repository.ts(794,5): error TS2345: Argument of type '"send_rfq"' is not assignable to parameter of type '"archive_product_supplier" | "is_admin" | "restore_product_supplier" | "set_product_preferred_supplier"'.
lib/repositories/rfq.repository.ts(816,5): error TS2345: Argument of type '"award_supplier_quotation"' is not assignable to parameter of type '"archive_product_supplier" | "is_admin" | "restore_product_supplier" | "set_product_preferred_supplier"'.
lib/repositories/rfq.repository.ts(839,5): error TS2345: Argument of type '"close_rfq"' is not assignable to parameter of type '"archive_product_supplier" | "is_admin" | "restore_product_supplier" | "set_product_preferred_supplier"'.
lib/repositories/rfq.repository.ts(859,11): error TS2769: No overload matches this call.
  Overload 1 of 2, '(relation: "countries" | "products" | "suppliers" | "brands" | "categories" | "subcategories" | "units" | "product_documents" | "product_images" | "product_suppliers" | "profiles"): PostgrestQueryBuilder<...>', gave the following error.
    Argument of type '"rfqs"' is not assignable to parameter of type '"countries" | "products" | "suppliers" | "brands" | "categories" | "subcategories" | "units" | "product_documents" | "product_images" | "product_suppliers" | "profiles"'.
  Overload 2 of 2, '(relation: never): PostgrestQueryBuilder<{ PostgrestVersion: "14.5"; }, { Tables: { brands: { Row: { country_id: string | null; created_at: string | null; description: string | null; id: string; is_active: boolean | null; ... 5 more ...; website: string | null; }; Insert: { ...; }; Update: { ...; }; Relationships: [...]; }; ... 9 more ...; units: { ...; }; }; Views: {}; Functions: { ...; }; Enums: { ...; }; CompositeTypes: {}; }, never, never, never>', gave the following error.
    Argument of type '"rfqs"' is not assignable to parameter of type 'never'.
lib/repositories/rfq.repository.ts(880,20): error TS2339: Property 'status' does not exist on type 'SelectQueryError<"column 'status' does not exist on 'countries'."> | SelectQueryError<"column 'status' does not exist on 'products'."> | ... 8 more ... | SelectQueryError<...>'.
  Property 'status' does not exist on type 'SelectQueryError<"column 'status' does not exist on 'countries'.">'.
lib/repositories/rfq.repository.ts(885,16): error TS2339: Property 'response_deadline' does not exist on type 'SelectQueryError<"column 'status' does not exist on 'countries'."> | SelectQueryError<"column 'status' does not exist on 'products'."> | ... 8 more ... | SelectQueryError<...>'.
  Property 'response_deadline' does not exist on type 'SelectQueryError<"column 'status' does not exist on 'countries'.">'.
lib/repositories/rfq.repository.ts(890,13): error TS2339: Property 'status' does not exist on type 'SelectQueryError<"column 'status' does not exist on 'countries'."> | SelectQueryError<"column 'status' does not exist on 'products'."> | ... 8 more ... | SelectQueryError<...>'.
  Property 'status' does not exist on type 'SelectQueryError<"column 'status' does not exist on 'countries'.">'.
lib/repositories/rfq.repository.ts(891,13): error TS2339: Property 'status' does not exist on type 'SelectQueryError<"column 'status' does not exist on 'countries'."> | SelectQueryError<"column 'status' does not exist on 'products'."> | ... 8 more ... | SelectQueryError<...>'.
  Property 'status' does not exist on type 'SelectQueryError<"column 'status' does not exist on 'countries'.">'.
lib/repositories/rfq.repository.ts(892,13): error TS2339: Property 'status' does not exist on type 'SelectQueryError<"column 'status' does not exist on 'countries'."> | SelectQueryError<"column 'status' does not exist on 'products'."> | ... 8 more ... | SelectQueryError<...>'.
  Property 'status' does not exist on type 'SelectQueryError<"column 'status' does not exist on 'countries'.">'.
lib/repositories/rfq.repository.ts(899,15): error TS2339: Property 'response_deadline' does not exist on type 'SelectQueryError<"column 'status' does not exist on 'countries'."> | SelectQueryError<"column 'status' does not exist on 'products'."> | ... 8 more ... | SelectQueryError<...>'.
  Property 'response_deadline' does not exist on type 'SelectQueryError<"column 'status' does not exist on 'countries'.">'.
lib/repositories/rfq.repository.ts(923,13): error TS2339: Property 'priority' does not exist on type 'SelectQueryError<"column 'status' does not exist on 'countries'."> | SelectQueryError<"column 'status' does not exist on 'products'."> | ... 8 more ... | SelectQueryError<...>'.
  Property 'priority' does not exist on type 'SelectQueryError<"column 'status' does not exist on 'countries'.">'.
lib/repositories/rfq.repository.ts(924,13): error TS2339: Property 'status' does not exist on type 'SelectQueryError<"column 'status' does not exist on 'countries'."> | SelectQueryError<"column 'status' does not exist on 'products'."> | ... 8 more ... | SelectQueryError<...>'.
  Property 'status' does not exist on type 'SelectQueryError<"column 'status' does not exist on 'countries'.">'.
lib/repositories/rfq.repository.ts(925,13): error TS2339: Property 'status' does not exist on type 'SelectQueryError<"column 'status' does not exist on 'countries'."> | SelectQueryError<"column 'status' does not exist on 'products'."> | ... 8 more ... | SelectQueryError<...>'.
  Property 'status' does not exist on type 'SelectQueryError<"column 'status' does not exist on 'countries'.">'.
src/lib/repositories/category.repository.ts(1,30): error TS2307: Cannot find module '@src/lib/supabase/server' or its corresponding type declarations.
